<!doctype html>
<html>
    <body>
        <picture><source type="image/webp" srcset="photo.webp"><img src="photo.png"></picture>
    </body>
</html>
