<!doctype html>
<html>
    <body>
        <img src="photo.svg">
        <img src="photo.gif">
        <picture><source type="image/webp" srcset="photo.jpg.webp"><img src="photo.jpg"></picture>
        <picture><source type="image/webp" srcset="photo.png.webp"><img src="photo.png"></picture>
    </body>
</html>
