<!doctype html>
<html>
	<body>
		<img class="ignore-class" srcset="photo-lg.jpg 1000w, photo-md.jpg 500w, photo-sm.jpg 250w" src="photo.png">
		<picture><source type="image/webp" srcset="photo.png.webp"><img src="photo.png"></picture>
	</body>
</html>
