<!doctype html>
<html>
    <body>
        <picture><source type="image/webp" srcset="photo-lg.webp 1000w, photo-md.webp 500w, photo-sm.webp 250w, photo.webp"><img srcset="photo-lg.jpg 1000w, photo-md.jpg 500w, photo-sm.jpg 250w, photo.jpg" src="photo.png"></picture>
    </body>
</html>
