<!doctype html>
<html>
    <body>
        <picture><source type="image/webp" srcset="photo.png.webp"><img src="photo.png"></picture>
        <amp-img alt="photo" width="550" height="368" layout="responsive" src="photo.png.webp"><amp-img alt="photo" width="550" height="368" layout="responsive" src="photo.png" fallback=""></amp-img></amp-img>
    </body>
</html>
